// Jest Snapshot v1, https://goo.gl/fbAQLP

exports[`CommentaryReadComment component renders the UI as expected 1`] = `
<CommentaryReadComment
  comment={
    Object {
      "comment": "",
      "tag": "",
    }
  }
>
  <div>
    <h3 />
  </div>
</CommentaryReadComment>
`;
